  тАв electron-builder  version=24.13.3 os=10.0.26100
  тАв loaded configuration  file=package.json ("build" field)
  тАв description is missed in the package.json  appPackageFile=C:\Users\Darkness\Desktop\Poker Simulator\package.json
  тАв author is missed in the package.json  appPackageFile=C:\Users\Darkness\Desktop\Poker Simulator\package.json
  тАв packaging       platform=win32 arch=x64 electron=31.7.7 appOutDir=dist-electron\win-unpacked
  тип remove C:\Users\Darkness\Desktop\Poker Simulator\dist-electron\win-unpacked\d3dcompiler_47.dll: Access is denied.
github.com/develar/go-fs-util.EnsureEmptyDir
	/Volumes/data/go/pkg/mod/github.com/develar/go-fs-util@v0.0.0-20190620175131-69a2d4542206/fs.go:98
github.com/develar/app-builder/pkg/electron.UnpackElectron.func1.1
	/Volumes/data/Documents/app-builder/pkg/electron/electronUnpack.go:38
github.com/develar/app-builder/pkg/util.MapAsyncConcurrency.func2
	/Volumes/data/Documents/app-builder/pkg/util/async.go:68
runtime.goexit
	/usr/local/Cellar/go/1.17/libexec/src/runtime/asm_amd64.s:1581  
  тип C:\Users\Darkness\Desktop\Poker Simulator\node_modules\app-builder-bin\win\x64\app-builder.exe process failed ERR_ELECTRON_BUILDER_CANNOT_EXECUTE
Exit code:
1  failedTask=build stackTrace=Error: C:\Users\Darkness\Desktop\Poker Simulator\node_modules\app-builder-bin\win\x64\app-builder.exe process failed ERR_ELECTRON_BUILDER_CANNOT_EXECUTE
Exit code:
1
    at ChildProcess.<anonymous> (C:\Users\Darkness\Desktop\Poker Simulator\node_modules\builder-util\src\util.ts:252:14)
    at Object.onceWrapper (node:events:633:26)
    at ChildProcess.emit (node:events:518:28)
    at ChildProcess.cp.emit (C:\Users\Darkness\Desktop\Poker Simulator\node_modules\cross-spawn\lib\enoent.js:34:29)
    at maybeClose (node:internal/child_process:1101:16)
    at Process.ChildProcess._handle.onexit (node:internal/child_process:304:5)
